=== RUN   Test
=== RUN   Test/example/1
=== RUN   Test/example/2
=== RUN   Test/example/3
=== RUN   Test/example/4
=== RUN   Test/example/5
--- FAIL: Test (0.01s)
    --- PASS: Test/example/1 (0.00s)
    --- PASS: Test/example/2 (0.01s)
    --- SKIP: Test/example/3 (0.00s)
    --- FAIL: Test/example/4 (0.01s)
    --- PASS: Test/example/5 (0.01s)
FAIL
coverage: 96.5% of statements in ./...
ok  	github.com/example/test	0.111s	coverage: 96.5% of statements in ./...
